// Jest Snapshot v1, https://goo.gl/fbAQLP

exports[`StockList should render component and match snapshot2 1`] = `undefined`;
