// Jest Snapshot v1, https://goo.gl/fbAQLP

exports[`DatePicker.vue should render component and match snapshot 1`] = `undefined`;
