// Jest Snapshot v1, https://goo.gl/fbAQLP

exports[`Home should render component and match snapshot 1`] = `undefined`;
