// Jest Snapshot v1, https://goo.gl/fbAQLP

exports[`Search should render component and match snapshot 1`] = `
<div>
    <!---->
    <!---->
</div>
`;
