// Jest Snapshot v1, https://goo.gl/fbAQLP

exports[`StockList should render component and match snapshot 1`] = `<div class="list list--dense"></div>`;
